// Jest Snapshot v1, https://goo.gl/fbAQLP

exports[`HowUse Template Page Snapshot 1`] = `
<div>
  <div
    class="css-1iyoj2o"
  >
    <div
      class="subTitle-Template howUse-subTitle css-cw3rkw"
    >
      <div
        class="subTitle-title-wrapper css-1knbux5"
      >
        <h2
          class="mcm-title-unit subTitle"
        >
          üîç ÏÇ¨Ïö© Î∞©Î≤ï
        </h2>
      </div>
      <div
        class="subTitle-line css-18klhw4"
      />
      <p
        class="mcm-p-unit subTitle-remarks css-pzlb5d"
      >
        Í∏∞Î≥∏Ï†ÅÏúºÎ°ú ÏÇ¨Ïö©Ìï† Ïàò ÏûàÎäî ÏòàÏãúÏûÖÎãàÎã§.
      </p>
    </div>
    <div
      class="_copy_ css-wbm39"
    >
      <div
        class="_copy_text_ css-gjwso2"
      >
        <pre
          class="css-1ppfysk"
        >
          <code>
            <span
              class="purple"
            >
              import
            </span>
            <span
              class="yellow"
            >
               { 
            </span>
            <span
              class="skyblue"
            />
            <span
              class="yellow"
            >
               } 
            </span>
            <span
              class="purple"
            >
              from
            </span>
            <span
              class="lightOrange"
            >
               "mcm-js"
            </span>
            <span
              class="lightGray"
            >
              ;
            </span>
            
    

            <span
              class="purple"
            >
              export default
            </span>
            <span
              class="darkBlue"
            >
               function
            </span>
            <span
              class="lightYellow"
            >
               ExamplePage
            </span>
            <span
              class="yellow"
            >
              () {
            </span>
            
  
            <span
              class="purple"
            >
              return (
            </span>
            
    
            <span
              class="skyblue"
            >
              show
            </span>
            <span
              class="lightGray"
            >
              =
            </span>
            <span
              class="blue"
            >
              {isOpen}
            </span>
             
            <span
              class="skyblue"
            >
              onCloseModal
            </span>
            <span
              class="lightGray"
            >
              =
            </span>
            <span
              class="blue"
            >
              {
            </span>
            <span
              class="lightYellow"
            >
              closeModal
            </span>
            <span
              class="blue"
            >
              }
            </span>
            
  
            <span
              class="purple"
            >
              )
            </span>
            <span
              class="lightGray"
            >
              ;
            </span>
            

            <span
              class="yellow"
            >
              }
            </span>
          </code>
        </pre>
      </div>
      <button
        class="css-ikbf1i"
      >
        <p
          class="mcm-p-unit css-pzlb5d"
        >
          Copy
        </p>
      </button>
    </div>
  </div>
</div>
`;
