// Jest Snapshot v1, https://goo.gl/fbAQLP

exports[`Layout Nav Page Layout Nav Page - Snapshot 1`] = `
<div>
  <nav
    class="nav-wrapper css-g3duar"
  >
    <article
      class="nav-list-wrapper css-10y3vds"
    >
      <div
        class="nav-search-wrapper css-lobae1"
      >
        <form
          class="nav-search-form css-0"
        >
          <fieldset
            class="css-1opjr3t"
          >
            <legend>
              모듈 검색
            </legend>
            <div
              class="css-1rbly99"
            >
              <div
                class="css-1sg36r4"
              >
                123123
              </div>
            </div>
          </fieldset>
        </form>
      </div>
      <a
        class="mcm-link-unit tap css-1h5x3dy"
        href="/modules/modal"
      >
        <p
          class="mcm-p-unit tap-name css-pzlb5d"
        >
          Modal
        </p>
      </a>
    </article>
  </nav>
</div>
`;
