// Jest Snapshot v1, https://goo.gl/fbAQLP

exports[`mainTitle Template Page Snapshot 1`] = `
<div>
  <div
    class="main-title-wrapper css-qe9630"
  >
    <h1
      class="mcm-title-unit main-title"
    >
      ðŸ“– 
    </h1>
    <p
      class="mcm-p-unit main-title-remarks css-z401r8"
    />
  </div>
</div>
`;
