// Jest Snapshot v1, https://goo.gl/fbAQLP

exports[`Main Template Page Snapshot 1`] = `
<div>
  <main
    class="main-template-wrapper css-18hqzxs"
  >
    메인 템플릿 페이지
  </main>
</div>
`;
