// Jest Snapshot v1, https://goo.gl/fbAQLP

exports[`Main Home Page Main Home Page - Snapshot 1`] = `
<div>
  <main
    class="main-template-wrapper css-1p2vox9"
  >
    <section
      class="css-1k0p6w2"
    >
      <div>
        <h1
          class="_title_"
        >
          MCM (My Custom Modules)
        </h1>
      </div>
      <div
        class="css-7y6usd"
      >
        <p
          class="_p_ css-pzlb5d"
        >
          '라이브러리를 쉽게 커스텀할 수 있게 하는 모듈을 만들어보면 어떨까?' 하는 생각에서 시작된 프로젝트입니다.
        </p>
        <p
          class="_p_ css-pzlb5d"
        >
          실력이 부족한 개발자가 직접 만든 기능들이다 보니 이슈 발생 확률이 상당할 수도 있습니다. 😅
        </p>
        <p
          class="_p_ css-pzlb5d"
        >
          이용중에 발생되는 버그나 사용중에 느꼈었던 개선점들을 가감없이 말씀해주시면 감사하겠습니다! 🙇
        </p>
      </div>
    </section>
    <section
      class="css-1fuuxf2"
    >
      <div
        class="subTitle-Template npmInstall css-k59gj9"
      >
        <div>
          <h2
            class="_title_ _subTitle_"
          />
        </div>
        <div
          class="subTitle-line css-18klhw4"
        />
        <div
          class="css-11s8qa8"
        >
          <b>
            MCM-js npm : 
          </b>
          <a
            class="_a_ css-1y7ig4m"
            href="https://www.npmjs.com/package/mcm-js"
            rel="noreferrer"
            target="_blank"
          >
            https://www.npmjs.com/package/mcm-js
          </a>
        </div>
        <div
          class="css-1kbhwo5"
        >
          <div
            class="css-2ydrod"
          >
            <div>
              <h3
                class="_title_"
              />
            </div>
            <div
              class="_copy_ css-1xkft5v"
            >
              <div
                class="css-eppsv9"
              >
                <input
                  class="copyInput"
                  readonly=""
                  type="text"
                  value="npm install mcm-js"
                />
              </div>
              <button
                class="css-12vdm2a"
              >
                <img
                  class="_image_ _copyIcon_ css-msby2z"
                  src="/images/commons/icons/copy.png"
                />
              </button>
            </div>
          </div>
          <div
            class="css-2ydrod"
          >
            <div>
              <h3
                class="_title_"
              />
            </div>
            <div
              class="_copy_ css-1xkft5v"
            >
              <div
                class="css-eppsv9"
              >
                <input
                  class="copyInput"
                  readonly=""
                  type="text"
                  value="yarn add mcm-js"
                />
              </div>
              <button
                class="css-12vdm2a"
              >
                <img
                  class="_image_ _copyIcon_ css-msby2z"
                  src="/images/commons/icons/copy.png"
                />
              </button>
            </div>
          </div>
        </div>
      </div>
    </section>
  </main>
</div>
`;
